Copyright 1986-2022 Xilinx, Inc. All Rights Reserved. Copyright 2022-2024 Advanced Micro Devices, Inc. All Rights Reserved.
---------------------------------------------------------------------------------------------------------------------------------------------
| Tool Version : Vivado v.2024.2 (win64) Build 5239630 Fri Nov 08 22:35:27 MST 2024
| Date         : Mon Apr 21 19:48:48 2025
| Host         : wenruoxu running 64-bit major release  (build 9200)
| Command      : report_utilization -hierarchical -file utilization_synth_hierarchical.rpt
| Design       : jpeg_compression_pipeline
| Device       : xc7z020clg484-1
| Speed File   : -1
| Design State : Synthesized
---------------------------------------------------------------------------------------------------------------------------------------------

Utilization Design Information

Table of Contents
-----------------
1. Utilization by Hierarchy

1. Utilization by Hierarchy
---------------------------

+-------------------------------------+----------------------------------+------------+------------+---------+------+-------+--------+--------+------------+
|               Instance              |              Module              | Total LUTs | Logic LUTs | LUTRAMs | SRLs |  FFs  | RAMB36 | RAMB18 | DSP Blocks |
+-------------------------------------+----------------------------------+------------+------------+---------+------+-------+--------+--------+------------+
| jpeg_compression_pipeline           |                            (top) |     108799 |     108799 |       0 |    0 | 27000 |      0 |      0 |        110 |
|   (jpeg_compression_pipeline)       |                            (top) |      11968 |      11968 |       0 |    0 |     0 |      0 |      0 |          0 |
|   dct_cb_stage                      |                   dct8x8_chen_2d |      30663 |      30663 |       0 |    0 |  7173 |      0 |      0 |          0 |
|     (dct_cb_stage)                  |                   dct8x8_chen_2d |      24963 |      24963 |       0 |    0 |  6323 |      0 |      0 |          0 |
|     u_dct                           |                 dct8_chen_ts_260 |       5700 |       5700 |       0 |    0 |   850 |      0 |      0 |          0 |
|   dct_cr_stage                      |                 dct8x8_chen_2d_0 |      27783 |      27783 |       0 |    0 |  7172 |      0 |      0 |          0 |
|     (dct_cr_stage)                  |                 dct8x8_chen_2d_0 |      22083 |      22083 |       0 |    0 |  6323 |      0 |      0 |          0 |
|     u_dct                           |                 dct8_chen_ts_259 |       5700 |       5700 |       0 |    0 |   849 |      0 |      0 |          0 |
|   dct_y_stage                       |                 dct8x8_chen_2d_1 |      28141 |      28141 |       0 |    0 |  7136 |      0 |      0 |          0 |
|     (dct_y_stage)                   |                 dct8x8_chen_2d_1 |      22418 |      22418 |       0 |    0 |  6286 |      0 |      0 |          0 |
|     u_dct                           |                     dct8_chen_ts |       5723 |       5723 |       0 |    0 |   850 |      0 |      0 |          0 |
|   quant_cb_stage                    |   quantize_array__parameterized0 |       4352 |       4352 |       0 |    0 |     0 |      0 |      0 |          0 |
|     GEN_MULTS[0].u_mul              |             fixed_multiplier_195 |         43 |         43 |       0 |    0 |     0 |      0 |      0 |          0 |
|     GEN_MULTS[10].u_mul             |             fixed_multiplier_196 |         71 |         71 |       0 |    0 |     0 |      0 |      0 |          0 |
|     GEN_MULTS[11].u_mul             |             fixed_multiplier_197 |         38 |         38 |       0 |    0 |     0 |      0 |      0 |          0 |
|     GEN_MULTS[12].u_mul             |             fixed_multiplier_198 |         66 |         66 |       0 |    0 |     0 |      0 |      0 |          0 |
|     GEN_MULTS[13].u_mul             |             fixed_multiplier_199 |         66 |         66 |       0 |    0 |     0 |      0 |      0 |          0 |
|     GEN_MULTS[14].u_mul             |             fixed_multiplier_200 |         66 |         66 |       0 |    0 |     0 |      0 |      0 |          0 |
|     GEN_MULTS[15].u_mul             |             fixed_multiplier_201 |         66 |         66 |       0 |    0 |     0 |      0 |      0 |          0 |
|     GEN_MULTS[16].u_mul             |             fixed_multiplier_202 |        125 |        125 |       0 |    0 |     0 |      0 |      0 |          0 |
|     GEN_MULTS[17].u_mul             |             fixed_multiplier_203 |         71 |         71 |       0 |    0 |     0 |      0 |      0 |          0 |
|     GEN_MULTS[18].u_mul             |             fixed_multiplier_204 |         36 |         36 |       0 |    0 |     0 |      0 |      0 |          0 |
|     GEN_MULTS[19].u_mul             |             fixed_multiplier_205 |         66 |         66 |       0 |    0 |     0 |      0 |      0 |          0 |
|     GEN_MULTS[1].u_mul              |             fixed_multiplier_206 |         65 |         65 |       0 |    0 |     0 |      0 |      0 |          0 |
|     GEN_MULTS[20].u_mul             |             fixed_multiplier_207 |         66 |         66 |       0 |    0 |     0 |      0 |      0 |          0 |
|     GEN_MULTS[21].u_mul             |             fixed_multiplier_208 |         66 |         66 |       0 |    0 |     0 |      0 |      0 |          0 |
|     GEN_MULTS[22].u_mul             |             fixed_multiplier_209 |         66 |         66 |       0 |    0 |     0 |      0 |      0 |          0 |
|     GEN_MULTS[23].u_mul             |             fixed_multiplier_210 |         66 |         66 |       0 |    0 |     0 |      0 |      0 |          0 |
|     GEN_MULTS[24].u_mul             |             fixed_multiplier_211 |         96 |         96 |       0 |    0 |     0 |      0 |      0 |          0 |
|     GEN_MULTS[25].u_mul             |             fixed_multiplier_212 |         38 |         38 |       0 |    0 |     0 |      0 |      0 |          0 |
|     GEN_MULTS[26].u_mul             |             fixed_multiplier_213 |         66 |         66 |       0 |    0 |     0 |      0 |      0 |          0 |
|     GEN_MULTS[27].u_mul             |             fixed_multiplier_214 |         66 |         66 |       0 |    0 |     0 |      0 |      0 |          0 |
|     GEN_MULTS[28].u_mul             |             fixed_multiplier_215 |         66 |         66 |       0 |    0 |     0 |      0 |      0 |          0 |
|     GEN_MULTS[29].u_mul             |             fixed_multiplier_216 |         66 |         66 |       0 |    0 |     0 |      0 |      0 |          0 |
|     GEN_MULTS[2].u_mul              |             fixed_multiplier_217 |        125 |        125 |       0 |    0 |     0 |      0 |      0 |          0 |
|     GEN_MULTS[30].u_mul             |             fixed_multiplier_218 |         66 |         66 |       0 |    0 |     0 |      0 |      0 |          0 |
|     GEN_MULTS[31].u_mul             |             fixed_multiplier_219 |         66 |         66 |       0 |    0 |     0 |      0 |      0 |          0 |
|     GEN_MULTS[32].u_mul             |             fixed_multiplier_220 |         66 |         66 |       0 |    0 |     0 |      0 |      0 |          0 |
|     GEN_MULTS[33].u_mul             |             fixed_multiplier_221 |         66 |         66 |       0 |    0 |     0 |      0 |      0 |          0 |
|     GEN_MULTS[34].u_mul             |             fixed_multiplier_222 |         66 |         66 |       0 |    0 |     0 |      0 |      0 |          0 |
|     GEN_MULTS[35].u_mul             |             fixed_multiplier_223 |         66 |         66 |       0 |    0 |     0 |      0 |      0 |          0 |
|     GEN_MULTS[36].u_mul             |             fixed_multiplier_224 |         66 |         66 |       0 |    0 |     0 |      0 |      0 |          0 |
|     GEN_MULTS[37].u_mul             |             fixed_multiplier_225 |         66 |         66 |       0 |    0 |     0 |      0 |      0 |          0 |
|     GEN_MULTS[38].u_mul             |             fixed_multiplier_226 |         66 |         66 |       0 |    0 |     0 |      0 |      0 |          0 |
|     GEN_MULTS[39].u_mul             |             fixed_multiplier_227 |         66 |         66 |       0 |    0 |     0 |      0 |      0 |          0 |
|     GEN_MULTS[3].u_mul              |             fixed_multiplier_228 |         96 |         96 |       0 |    0 |     0 |      0 |      0 |          0 |
|     GEN_MULTS[40].u_mul             |             fixed_multiplier_229 |         66 |         66 |       0 |    0 |     0 |      0 |      0 |          0 |
|     GEN_MULTS[41].u_mul             |             fixed_multiplier_230 |         66 |         66 |       0 |    0 |     0 |      0 |      0 |          0 |
|     GEN_MULTS[42].u_mul             |             fixed_multiplier_231 |         66 |         66 |       0 |    0 |     0 |      0 |      0 |          0 |
|     GEN_MULTS[43].u_mul             |             fixed_multiplier_232 |         66 |         66 |       0 |    0 |     0 |      0 |      0 |          0 |
|     GEN_MULTS[44].u_mul             |             fixed_multiplier_233 |         66 |         66 |       0 |    0 |     0 |      0 |      0 |          0 |
|     GEN_MULTS[45].u_mul             |             fixed_multiplier_234 |         66 |         66 |       0 |    0 |     0 |      0 |      0 |          0 |
|     GEN_MULTS[46].u_mul             |             fixed_multiplier_235 |         66 |         66 |       0 |    0 |     0 |      0 |      0 |          0 |
|     GEN_MULTS[47].u_mul             |             fixed_multiplier_236 |         66 |         66 |       0 |    0 |     0 |      0 |      0 |          0 |
|     GEN_MULTS[48].u_mul             |             fixed_multiplier_237 |         66 |         66 |       0 |    0 |     0 |      0 |      0 |          0 |
|     GEN_MULTS[49].u_mul             |             fixed_multiplier_238 |         66 |         66 |       0 |    0 |     0 |      0 |      0 |          0 |
|     GEN_MULTS[4].u_mul              |             fixed_multiplier_239 |         66 |         66 |       0 |    0 |     0 |      0 |      0 |          0 |
|     GEN_MULTS[50].u_mul             |             fixed_multiplier_240 |         66 |         66 |       0 |    0 |     0 |      0 |      0 |          0 |
|     GEN_MULTS[51].u_mul             |             fixed_multiplier_241 |         66 |         66 |       0 |    0 |     0 |      0 |      0 |          0 |
|     GEN_MULTS[52].u_mul             |             fixed_multiplier_242 |         66 |         66 |       0 |    0 |     0 |      0 |      0 |          0 |
|     GEN_MULTS[53].u_mul             |             fixed_multiplier_243 |         66 |         66 |       0 |    0 |     0 |      0 |      0 |          0 |
|     GEN_MULTS[54].u_mul             |             fixed_multiplier_244 |         66 |         66 |       0 |    0 |     0 |      0 |      0 |          0 |
|     GEN_MULTS[55].u_mul             |             fixed_multiplier_245 |         66 |         66 |       0 |    0 |     0 |      0 |      0 |          0 |
|     GEN_MULTS[56].u_mul             |             fixed_multiplier_246 |         66 |         66 |       0 |    0 |     0 |      0 |      0 |          0 |
|     GEN_MULTS[57].u_mul             |             fixed_multiplier_247 |         66 |         66 |       0 |    0 |     0 |      0 |      0 |          0 |
|     GEN_MULTS[58].u_mul             |             fixed_multiplier_248 |         66 |         66 |       0 |    0 |     0 |      0 |      0 |          0 |
|     GEN_MULTS[59].u_mul             |             fixed_multiplier_249 |         66 |         66 |       0 |    0 |     0 |      0 |      0 |          0 |
|     GEN_MULTS[5].u_mul              |             fixed_multiplier_250 |         66 |         66 |       0 |    0 |     0 |      0 |      0 |          0 |
|     GEN_MULTS[60].u_mul             |             fixed_multiplier_251 |         66 |         66 |       0 |    0 |     0 |      0 |      0 |          0 |
|     GEN_MULTS[61].u_mul             |             fixed_multiplier_252 |         66 |         66 |       0 |    0 |     0 |      0 |      0 |          0 |
|     GEN_MULTS[62].u_mul             |             fixed_multiplier_253 |         66 |         66 |       0 |    0 |     0 |      0 |      0 |          0 |
|     GEN_MULTS[63].u_mul             |             fixed_multiplier_254 |         66 |         66 |       0 |    0 |     0 |      0 |      0 |          0 |
|     GEN_MULTS[6].u_mul              |             fixed_multiplier_255 |         66 |         66 |       0 |    0 |     0 |      0 |      0 |          0 |
|     GEN_MULTS[7].u_mul              |             fixed_multiplier_256 |         66 |         66 |       0 |    0 |     0 |      0 |      0 |          0 |
|     GEN_MULTS[8].u_mul              |             fixed_multiplier_257 |         65 |         65 |       0 |    0 |     0 |      0 |      0 |          0 |
|     GEN_MULTS[9].u_mul              |             fixed_multiplier_258 |        117 |        117 |       0 |    0 |     0 |      0 |      0 |          0 |
|   quant_cr_stage                    | quantize_array__parameterized0_2 |       4352 |       4352 |       0 |    0 |     0 |      0 |      0 |          0 |
|     GEN_MULTS[0].u_mul              |             fixed_multiplier_131 |         43 |         43 |       0 |    0 |     0 |      0 |      0 |          0 |
|     GEN_MULTS[10].u_mul             |             fixed_multiplier_132 |         71 |         71 |       0 |    0 |     0 |      0 |      0 |          0 |
|     GEN_MULTS[11].u_mul             |             fixed_multiplier_133 |         38 |         38 |       0 |    0 |     0 |      0 |      0 |          0 |
|     GEN_MULTS[12].u_mul             |             fixed_multiplier_134 |         66 |         66 |       0 |    0 |     0 |      0 |      0 |          0 |
|     GEN_MULTS[13].u_mul             |             fixed_multiplier_135 |         66 |         66 |       0 |    0 |     0 |      0 |      0 |          0 |
|     GEN_MULTS[14].u_mul             |             fixed_multiplier_136 |         66 |         66 |       0 |    0 |     0 |      0 |      0 |          0 |
|     GEN_MULTS[15].u_mul             |             fixed_multiplier_137 |         66 |         66 |       0 |    0 |     0 |      0 |      0 |          0 |
|     GEN_MULTS[16].u_mul             |             fixed_multiplier_138 |        125 |        125 |       0 |    0 |     0 |      0 |      0 |          0 |
|     GEN_MULTS[17].u_mul             |             fixed_multiplier_139 |         71 |         71 |       0 |    0 |     0 |      0 |      0 |          0 |
|     GEN_MULTS[18].u_mul             |             fixed_multiplier_140 |         36 |         36 |       0 |    0 |     0 |      0 |      0 |          0 |
|     GEN_MULTS[19].u_mul             |             fixed_multiplier_141 |         66 |         66 |       0 |    0 |     0 |      0 |      0 |          0 |
|     GEN_MULTS[1].u_mul              |             fixed_multiplier_142 |         65 |         65 |       0 |    0 |     0 |      0 |      0 |          0 |
|     GEN_MULTS[20].u_mul             |             fixed_multiplier_143 |         66 |         66 |       0 |    0 |     0 |      0 |      0 |          0 |
|     GEN_MULTS[21].u_mul             |             fixed_multiplier_144 |         66 |         66 |       0 |    0 |     0 |      0 |      0 |          0 |
|     GEN_MULTS[22].u_mul             |             fixed_multiplier_145 |         66 |         66 |       0 |    0 |     0 |      0 |      0 |          0 |
|     GEN_MULTS[23].u_mul             |             fixed_multiplier_146 |         66 |         66 |       0 |    0 |     0 |      0 |      0 |          0 |
|     GEN_MULTS[24].u_mul             |             fixed_multiplier_147 |         96 |         96 |       0 |    0 |     0 |      0 |      0 |          0 |
|     GEN_MULTS[25].u_mul             |             fixed_multiplier_148 |         38 |         38 |       0 |    0 |     0 |      0 |      0 |          0 |
|     GEN_MULTS[26].u_mul             |             fixed_multiplier_149 |         66 |         66 |       0 |    0 |     0 |      0 |      0 |          0 |
|     GEN_MULTS[27].u_mul             |             fixed_multiplier_150 |         66 |         66 |       0 |    0 |     0 |      0 |      0 |          0 |
|     GEN_MULTS[28].u_mul             |             fixed_multiplier_151 |         66 |         66 |       0 |    0 |     0 |      0 |      0 |          0 |
|     GEN_MULTS[29].u_mul             |             fixed_multiplier_152 |         66 |         66 |       0 |    0 |     0 |      0 |      0 |          0 |
|     GEN_MULTS[2].u_mul              |             fixed_multiplier_153 |        125 |        125 |       0 |    0 |     0 |      0 |      0 |          0 |
|     GEN_MULTS[30].u_mul             |             fixed_multiplier_154 |         66 |         66 |       0 |    0 |     0 |      0 |      0 |          0 |
|     GEN_MULTS[31].u_mul             |             fixed_multiplier_155 |         66 |         66 |       0 |    0 |     0 |      0 |      0 |          0 |
|     GEN_MULTS[32].u_mul             |             fixed_multiplier_156 |         66 |         66 |       0 |    0 |     0 |      0 |      0 |          0 |
|     GEN_MULTS[33].u_mul             |             fixed_multiplier_157 |         66 |         66 |       0 |    0 |     0 |      0 |      0 |          0 |
|     GEN_MULTS[34].u_mul             |             fixed_multiplier_158 |         66 |         66 |       0 |    0 |     0 |      0 |      0 |          0 |
|     GEN_MULTS[35].u_mul             |             fixed_multiplier_159 |         66 |         66 |       0 |    0 |     0 |      0 |      0 |          0 |
|     GEN_MULTS[36].u_mul             |             fixed_multiplier_160 |         66 |         66 |       0 |    0 |     0 |      0 |      0 |          0 |
|     GEN_MULTS[37].u_mul             |             fixed_multiplier_161 |         66 |         66 |       0 |    0 |     0 |      0 |      0 |          0 |
|     GEN_MULTS[38].u_mul             |             fixed_multiplier_162 |         66 |         66 |       0 |    0 |     0 |      0 |      0 |          0 |
|     GEN_MULTS[39].u_mul             |             fixed_multiplier_163 |         66 |         66 |       0 |    0 |     0 |      0 |      0 |          0 |
|     GEN_MULTS[3].u_mul              |             fixed_multiplier_164 |         96 |         96 |       0 |    0 |     0 |      0 |      0 |          0 |
|     GEN_MULTS[40].u_mul             |             fixed_multiplier_165 |         66 |         66 |       0 |    0 |     0 |      0 |      0 |          0 |
|     GEN_MULTS[41].u_mul             |             fixed_multiplier_166 |         66 |         66 |       0 |    0 |     0 |      0 |      0 |          0 |
|     GEN_MULTS[42].u_mul             |             fixed_multiplier_167 |         66 |         66 |       0 |    0 |     0 |      0 |      0 |          0 |
|     GEN_MULTS[43].u_mul             |             fixed_multiplier_168 |         66 |         66 |       0 |    0 |     0 |      0 |      0 |          0 |
|     GEN_MULTS[44].u_mul             |             fixed_multiplier_169 |         66 |         66 |       0 |    0 |     0 |      0 |      0 |          0 |
|     GEN_MULTS[45].u_mul             |             fixed_multiplier_170 |         66 |         66 |       0 |    0 |     0 |      0 |      0 |          0 |
|     GEN_MULTS[46].u_mul             |             fixed_multiplier_171 |         66 |         66 |       0 |    0 |     0 |      0 |      0 |          0 |
|     GEN_MULTS[47].u_mul             |             fixed_multiplier_172 |         66 |         66 |       0 |    0 |     0 |      0 |      0 |          0 |
|     GEN_MULTS[48].u_mul             |             fixed_multiplier_173 |         66 |         66 |       0 |    0 |     0 |      0 |      0 |          0 |
|     GEN_MULTS[49].u_mul             |             fixed_multiplier_174 |         66 |         66 |       0 |    0 |     0 |      0 |      0 |          0 |
|     GEN_MULTS[4].u_mul              |             fixed_multiplier_175 |         66 |         66 |       0 |    0 |     0 |      0 |      0 |          0 |
|     GEN_MULTS[50].u_mul             |             fixed_multiplier_176 |         66 |         66 |       0 |    0 |     0 |      0 |      0 |          0 |
|     GEN_MULTS[51].u_mul             |             fixed_multiplier_177 |         66 |         66 |       0 |    0 |     0 |      0 |      0 |          0 |
|     GEN_MULTS[52].u_mul             |             fixed_multiplier_178 |         66 |         66 |       0 |    0 |     0 |      0 |      0 |          0 |
|     GEN_MULTS[53].u_mul             |             fixed_multiplier_179 |         66 |         66 |       0 |    0 |     0 |      0 |      0 |          0 |
|     GEN_MULTS[54].u_mul             |             fixed_multiplier_180 |         66 |         66 |       0 |    0 |     0 |      0 |      0 |          0 |
|     GEN_MULTS[55].u_mul             |             fixed_multiplier_181 |         66 |         66 |       0 |    0 |     0 |      0 |      0 |          0 |
|     GEN_MULTS[56].u_mul             |             fixed_multiplier_182 |         66 |         66 |       0 |    0 |     0 |      0 |      0 |          0 |
|     GEN_MULTS[57].u_mul             |             fixed_multiplier_183 |         66 |         66 |       0 |    0 |     0 |      0 |      0 |          0 |
|     GEN_MULTS[58].u_mul             |             fixed_multiplier_184 |         66 |         66 |       0 |    0 |     0 |      0 |      0 |          0 |
|     GEN_MULTS[59].u_mul             |             fixed_multiplier_185 |         66 |         66 |       0 |    0 |     0 |      0 |      0 |          0 |
|     GEN_MULTS[5].u_mul              |             fixed_multiplier_186 |         66 |         66 |       0 |    0 |     0 |      0 |      0 |          0 |
|     GEN_MULTS[60].u_mul             |             fixed_multiplier_187 |         66 |         66 |       0 |    0 |     0 |      0 |      0 |          0 |
|     GEN_MULTS[61].u_mul             |             fixed_multiplier_188 |         66 |         66 |       0 |    0 |     0 |      0 |      0 |          0 |
|     GEN_MULTS[62].u_mul             |             fixed_multiplier_189 |         66 |         66 |       0 |    0 |     0 |      0 |      0 |          0 |
|     GEN_MULTS[63].u_mul             |             fixed_multiplier_190 |         66 |         66 |       0 |    0 |     0 |      0 |      0 |          0 |
|     GEN_MULTS[6].u_mul              |             fixed_multiplier_191 |         66 |         66 |       0 |    0 |     0 |      0 |      0 |          0 |
|     GEN_MULTS[7].u_mul              |             fixed_multiplier_192 |         66 |         66 |       0 |    0 |     0 |      0 |      0 |          0 |
|     GEN_MULTS[8].u_mul              |             fixed_multiplier_193 |         65 |         65 |       0 |    0 |     0 |      0 |      0 |          0 |
|     GEN_MULTS[9].u_mul              |             fixed_multiplier_194 |        117 |        117 |       0 |    0 |     0 |      0 |      0 |          0 |
|   quant_y_stage                     |                   quantize_array |       4348 |       4348 |       0 |    0 |     0 |      0 |      0 |          0 |
|     GEN_MULTS[0].u_mul              |                 fixed_multiplier |          1 |          1 |       0 |    0 |     0 |      0 |      0 |          0 |
|     GEN_MULTS[10].u_mul             |              fixed_multiplier_68 |         25 |         25 |       0 |    0 |     0 |      0 |      0 |          0 |
|     GEN_MULTS[11].u_mul             |              fixed_multiplier_69 |         98 |         98 |       0 |    0 |     0 |      0 |      0 |          0 |
|     GEN_MULTS[12].u_mul             |              fixed_multiplier_70 |         71 |         71 |       0 |    0 |     0 |      0 |      0 |          0 |
|     GEN_MULTS[13].u_mul             |              fixed_multiplier_71 |         66 |         66 |       0 |    0 |     0 |      0 |      0 |          0 |
|     GEN_MULTS[14].u_mul             |              fixed_multiplier_72 |         58 |         58 |       0 |    0 |     0 |      0 |      0 |          0 |
|     GEN_MULTS[15].u_mul             |              fixed_multiplier_73 |         35 |         35 |       0 |    0 |     0 |      0 |      0 |          0 |
|     GEN_MULTS[16].u_mul             |              fixed_multiplier_74 |         25 |         25 |       0 |    0 |     0 |      0 |      0 |          0 |
|     GEN_MULTS[17].u_mul             |              fixed_multiplier_75 |         85 |         85 |       0 |    0 |     0 |      0 |      0 |          0 |
|     GEN_MULTS[18].u_mul             |              fixed_multiplier_76 |          1 |          1 |       0 |    0 |     0 |      0 |      0 |          0 |
|     GEN_MULTS[19].u_mul             |              fixed_multiplier_77 |        125 |        125 |       0 |    0 |     0 |      0 |      0 |          0 |
|     GEN_MULTS[1].u_mul              |              fixed_multiplier_78 |        138 |        138 |       0 |    0 |     0 |      0 |      0 |          0 |
|     GEN_MULTS[20].u_mul             |              fixed_multiplier_79 |         95 |         95 |       0 |    0 |     0 |      0 |      0 |          0 |
|     GEN_MULTS[21].u_mul             |              fixed_multiplier_80 |         69 |         69 |       0 |    0 |     0 |      0 |      0 |          0 |
|     GEN_MULTS[22].u_mul             |              fixed_multiplier_81 |        127 |        127 |       0 |    0 |     0 |      0 |      0 |          0 |
|     GEN_MULTS[23].u_mul             |              fixed_multiplier_82 |         36 |         36 |       0 |    0 |     0 |      0 |      0 |          0 |
|     GEN_MULTS[24].u_mul             |              fixed_multiplier_83 |         25 |         25 |       0 |    0 |     0 |      0 |      0 |          0 |
|     GEN_MULTS[25].u_mul             |              fixed_multiplier_84 |         43 |         43 |       0 |    0 |     0 |      0 |      0 |          0 |
|     GEN_MULTS[26].u_mul             |              fixed_multiplier_85 |        125 |        125 |       0 |    0 |     0 |      0 |      0 |          0 |
|     GEN_MULTS[27].u_mul             |              fixed_multiplier_86 |         69 |         69 |       0 |    0 |     0 |      0 |      0 |          0 |
|     GEN_MULTS[28].u_mul             |              fixed_multiplier_87 |         89 |         89 |       0 |    0 |     0 |      0 |      0 |          0 |
|     GEN_MULTS[29].u_mul             |              fixed_multiplier_88 |         94 |         94 |       0 |    0 |     0 |      0 |      0 |          0 |
|     GEN_MULTS[2].u_mul              |              fixed_multiplier_89 |         86 |         86 |       0 |    0 |     0 |      0 |      0 |          0 |
|     GEN_MULTS[30].u_mul             |              fixed_multiplier_90 |         96 |         96 |       0 |    0 |     0 |      0 |      0 |          0 |
|     GEN_MULTS[31].u_mul             |              fixed_multiplier_91 |         57 |         57 |       0 |    0 |     0 |      0 |      0 |          0 |
|     GEN_MULTS[32].u_mul             |              fixed_multiplier_92 |         65 |         65 |       0 |    0 |     0 |      0 |      0 |          0 |
|     GEN_MULTS[33].u_mul             |              fixed_multiplier_93 |        125 |        125 |       0 |    0 |     0 |      0 |      0 |          0 |
|     GEN_MULTS[34].u_mul             |              fixed_multiplier_94 |        156 |        156 |       0 |    0 |     0 |      0 |      0 |          0 |
|     GEN_MULTS[35].u_mul             |              fixed_multiplier_95 |         36 |         36 |       0 |    0 |     0 |      0 |      0 |          0 |
|     GEN_MULTS[36].u_mul             |              fixed_multiplier_96 |         63 |         63 |       0 |    0 |     0 |      0 |      0 |          0 |
|     GEN_MULTS[37].u_mul             |              fixed_multiplier_97 |         65 |         65 |       0 |    0 |     0 |      0 |      0 |          0 |
|     GEN_MULTS[38].u_mul             |              fixed_multiplier_98 |         37 |         37 |       0 |    0 |     0 |      0 |      0 |          0 |
|     GEN_MULTS[39].u_mul             |              fixed_multiplier_99 |         98 |         98 |       0 |    0 |     0 |      0 |      0 |          0 |
|     GEN_MULTS[3].u_mul              |             fixed_multiplier_100 |          1 |          1 |       0 |    0 |     0 |      0 |      0 |          0 |
|     GEN_MULTS[40].u_mul             |             fixed_multiplier_101 |        125 |        125 |       0 |    0 |     0 |      0 |      0 |          0 |
|     GEN_MULTS[41].u_mul             |             fixed_multiplier_102 |         67 |         67 |       0 |    0 |     0 |      0 |      0 |          0 |
|     GEN_MULTS[42].u_mul             |             fixed_multiplier_103 |         35 |         35 |       0 |    0 |     0 |      0 |      0 |          0 |
|     GEN_MULTS[43].u_mul             |             fixed_multiplier_104 |          1 |          1 |       0 |    0 |     0 |      0 |      0 |          0 |
|     GEN_MULTS[44].u_mul             |             fixed_multiplier_105 |         65 |         65 |       0 |    0 |     0 |      0 |      0 |          0 |
|     GEN_MULTS[45].u_mul             |             fixed_multiplier_106 |         95 |         95 |       0 |    0 |     0 |      0 |      0 |          0 |
|     GEN_MULTS[46].u_mul             |             fixed_multiplier_107 |         59 |         59 |       0 |    0 |     0 |      0 |      0 |          0 |
|     GEN_MULTS[47].u_mul             |             fixed_multiplier_108 |         39 |         39 |       0 |    0 |     0 |      0 |      0 |          0 |
|     GEN_MULTS[48].u_mul             |             fixed_multiplier_109 |         37 |         37 |       0 |    0 |     0 |      0 |      0 |          0 |
|     GEN_MULTS[49].u_mul             |             fixed_multiplier_110 |          1 |          1 |       0 |    0 |     0 |      0 |      0 |          0 |
|     GEN_MULTS[4].u_mul              |             fixed_multiplier_111 |        125 |        125 |       0 |    0 |     0 |      0 |      0 |          0 |
|     GEN_MULTS[50].u_mul             |             fixed_multiplier_112 |         40 |         40 |       0 |    0 |     0 |      0 |      0 |          0 |
|     GEN_MULTS[51].u_mul             |             fixed_multiplier_113 |         94 |         94 |       0 |    0 |     0 |      0 |      0 |          0 |
|     GEN_MULTS[52].u_mul             |             fixed_multiplier_114 |         37 |         37 |       0 |    0 |     0 |      0 |      0 |          0 |
|     GEN_MULTS[53].u_mul             |             fixed_multiplier_115 |        121 |        121 |       0 |    0 |     0 |      0 |      0 |          0 |
|     GEN_MULTS[54].u_mul             |             fixed_multiplier_116 |         59 |         59 |       0 |    0 |     0 |      0 |      0 |          0 |
|     GEN_MULTS[55].u_mul             |             fixed_multiplier_117 |         39 |         39 |       0 |    0 |     0 |      0 |      0 |          0 |
|     GEN_MULTS[56].u_mul             |             fixed_multiplier_118 |        102 |        102 |       0 |    0 |     0 |      0 |      0 |          0 |
|     GEN_MULTS[57].u_mul             |             fixed_multiplier_119 |         39 |         39 |       0 |    0 |     0 |      0 |      0 |          0 |
|     GEN_MULTS[58].u_mul             |             fixed_multiplier_120 |         64 |         64 |       0 |    0 |     0 |      0 |      0 |          0 |
|     GEN_MULTS[59].u_mul             |             fixed_multiplier_121 |         97 |         97 |       0 |    0 |     0 |      0 |      0 |          0 |
|     GEN_MULTS[5].u_mul              |             fixed_multiplier_122 |         95 |         95 |       0 |    0 |     0 |      0 |      0 |          0 |
|     GEN_MULTS[60].u_mul             |             fixed_multiplier_123 |         35 |         35 |       0 |    0 |     0 |      0 |      0 |          0 |
|     GEN_MULTS[61].u_mul             |             fixed_multiplier_124 |         42 |         42 |       0 |    0 |     0 |      0 |      0 |          0 |
|     GEN_MULTS[62].u_mul             |             fixed_multiplier_125 |         37 |         37 |       0 |    0 |     0 |      0 |      0 |          0 |
|     GEN_MULTS[63].u_mul             |             fixed_multiplier_126 |         66 |         66 |       0 |    0 |     0 |      0 |      0 |          0 |
|     GEN_MULTS[6].u_mul              |             fixed_multiplier_127 |         89 |         89 |       0 |    0 |     0 |      0 |      0 |          0 |
|     GEN_MULTS[7].u_mul              |             fixed_multiplier_128 |         88 |         88 |       0 |    0 |     0 |      0 |      0 |          0 |
|     GEN_MULTS[8].u_mul              |             fixed_multiplier_129 |         85 |         85 |       0 |    0 |     0 |      0 |      0 |          0 |
|     GEN_MULTS[9].u_mul              |             fixed_multiplier_130 |         85 |         85 |       0 |    0 |     0 |      0 |      0 |          0 |
|   ycbcr_stage                       |              rgb2ycbcr_container |       2274 |       2274 |       0 |    0 |     0 |      0 |      0 |        110 |
|     gen_conversion[0].u_conversion  |                       conversion |         15 |         15 |       0 |    0 |     0 |      0 |      0 |          2 |
|     gen_conversion[10].u_conversion |                     conversion_5 |         15 |         15 |       0 |    0 |     0 |      0 |      0 |          2 |
|     gen_conversion[11].u_conversion |                     conversion_6 |         15 |         15 |       0 |    0 |     0 |      0 |      0 |          2 |
|     gen_conversion[12].u_conversion |                     conversion_7 |         15 |         15 |       0 |    0 |     0 |      0 |      0 |          2 |
|     gen_conversion[13].u_conversion |                     conversion_8 |         15 |         15 |       0 |    0 |     0 |      0 |      0 |          2 |
|     gen_conversion[14].u_conversion |                     conversion_9 |         15 |         15 |       0 |    0 |     0 |      0 |      0 |          2 |
|     gen_conversion[15].u_conversion |                    conversion_10 |         15 |         15 |       0 |    0 |     0 |      0 |      0 |          2 |
|     gen_conversion[16].u_conversion |                    conversion_11 |         15 |         15 |       0 |    0 |     0 |      0 |      0 |          2 |
|     gen_conversion[17].u_conversion |                    conversion_12 |         15 |         15 |       0 |    0 |     0 |      0 |      0 |          2 |
|     gen_conversion[18].u_conversion |                    conversion_13 |         15 |         15 |       0 |    0 |     0 |      0 |      0 |          2 |
|     gen_conversion[19].u_conversion |                    conversion_14 |         15 |         15 |       0 |    0 |     0 |      0 |      0 |          2 |
|     gen_conversion[1].u_conversion  |                    conversion_15 |         15 |         15 |       0 |    0 |     0 |      0 |      0 |          2 |
|     gen_conversion[20].u_conversion |                    conversion_16 |         15 |         15 |       0 |    0 |     0 |      0 |      0 |          2 |
|     gen_conversion[21].u_conversion |                    conversion_17 |         15 |         15 |       0 |    0 |     0 |      0 |      0 |          2 |
|     gen_conversion[22].u_conversion |                    conversion_18 |         15 |         15 |       0 |    0 |     0 |      0 |      0 |          2 |
|     gen_conversion[23].u_conversion |                    conversion_19 |         15 |         15 |       0 |    0 |     0 |      0 |      0 |          2 |
|     gen_conversion[24].u_conversion |                    conversion_20 |         15 |         15 |       0 |    0 |     0 |      0 |      0 |          2 |
|     gen_conversion[25].u_conversion |                    conversion_21 |         15 |         15 |       0 |    0 |     0 |      0 |      0 |          1 |
|     gen_conversion[26].u_conversion |                    conversion_22 |         15 |         15 |       0 |    0 |     0 |      0 |      0 |          1 |
|     gen_conversion[27].u_conversion |                    conversion_23 |         15 |         15 |       0 |    0 |     0 |      0 |      0 |          1 |
|     gen_conversion[28].u_conversion |                    conversion_24 |         15 |         15 |       0 |    0 |     0 |      0 |      0 |          1 |
|     gen_conversion[29].u_conversion |                    conversion_25 |         33 |         33 |       0 |    0 |     0 |      0 |      0 |          1 |
|     gen_conversion[2].u_conversion  |                    conversion_26 |         15 |         15 |       0 |    0 |     0 |      0 |      0 |          2 |
|     gen_conversion[30].u_conversion |                    conversion_27 |         33 |         33 |       0 |    0 |     0 |      0 |      0 |          1 |
|     gen_conversion[31].u_conversion |                    conversion_28 |         33 |         33 |       0 |    0 |     0 |      0 |      0 |          1 |
|     gen_conversion[32].u_conversion |                    conversion_29 |         33 |         33 |       0 |    0 |     0 |      0 |      0 |          1 |
|     gen_conversion[33].u_conversion |                    conversion_30 |         33 |         33 |       0 |    0 |     0 |      0 |      0 |          1 |
|     gen_conversion[34].u_conversion |                    conversion_31 |         33 |         33 |       0 |    0 |     0 |      0 |      0 |          1 |
|     gen_conversion[35].u_conversion |                    conversion_32 |         33 |         33 |       0 |    0 |     0 |      0 |      0 |          1 |
|     gen_conversion[36].u_conversion |                    conversion_33 |         33 |         33 |       0 |    0 |     0 |      0 |      0 |          1 |
|     gen_conversion[37].u_conversion |                    conversion_34 |         33 |         33 |       0 |    0 |     0 |      0 |      0 |          1 |
|     gen_conversion[38].u_conversion |                    conversion_35 |         33 |         33 |       0 |    0 |     0 |      0 |      0 |          1 |
|     gen_conversion[39].u_conversion |                    conversion_36 |         15 |         15 |       0 |    0 |     0 |      0 |      0 |          2 |
|     gen_conversion[3].u_conversion  |                    conversion_37 |         15 |         15 |       0 |    0 |     0 |      0 |      0 |          2 |
|     gen_conversion[40].u_conversion |                    conversion_38 |         33 |         33 |       0 |    0 |     0 |      0 |      0 |          1 |
|     gen_conversion[41].u_conversion |                    conversion_39 |         33 |         33 |       0 |    0 |     0 |      0 |      0 |          1 |
|     gen_conversion[42].u_conversion |                    conversion_40 |         33 |         33 |       0 |    0 |     0 |      0 |      0 |          1 |
|     gen_conversion[43].u_conversion |                    conversion_41 |         74 |         74 |       0 |    0 |     0 |      0 |      0 |          2 |
|     gen_conversion[44].u_conversion |                    conversion_42 |         74 |         74 |       0 |    0 |     0 |      0 |      0 |          2 |
|     gen_conversion[45].u_conversion |                    conversion_43 |         74 |         74 |       0 |    0 |     0 |      0 |      0 |          2 |
|     gen_conversion[46].u_conversion |                    conversion_44 |         74 |         74 |       0 |    0 |     0 |      0 |      0 |          2 |
|     gen_conversion[47].u_conversion |                    conversion_45 |         74 |         74 |       0 |    0 |     0 |      0 |      0 |          2 |
|     gen_conversion[48].u_conversion |                    conversion_46 |         74 |         74 |       0 |    0 |     0 |      0 |      0 |          2 |
|     gen_conversion[49].u_conversion |                    conversion_47 |         74 |         74 |       0 |    0 |     0 |      0 |      0 |          2 |
|     gen_conversion[4].u_conversion  |                    conversion_48 |         15 |         15 |       0 |    0 |     0 |      0 |      0 |          2 |
|     gen_conversion[50].u_conversion |                    conversion_49 |         15 |         15 |       0 |    0 |     0 |      0 |      0 |          2 |
|     gen_conversion[51].u_conversion |                    conversion_50 |         74 |         74 |       0 |    0 |     0 |      0 |      0 |          2 |
|     gen_conversion[52].u_conversion |                    conversion_51 |         74 |         74 |       0 |    0 |     0 |      0 |      0 |          2 |
|     gen_conversion[53].u_conversion |                    conversion_52 |         74 |         74 |       0 |    0 |     0 |      0 |      0 |          2 |
|     gen_conversion[54].u_conversion |                    conversion_53 |         74 |         74 |       0 |    0 |     0 |      0 |      0 |          2 |
|     gen_conversion[55].u_conversion |                    conversion_54 |         74 |         74 |       0 |    0 |     0 |      0 |      0 |          2 |
|     gen_conversion[56].u_conversion |                    conversion_55 |         74 |         74 |       0 |    0 |     0 |      0 |      0 |          2 |
|     gen_conversion[57].u_conversion |                    conversion_56 |         74 |         74 |       0 |    0 |     0 |      0 |      0 |          2 |
|     gen_conversion[58].u_conversion |                    conversion_57 |         74 |         74 |       0 |    0 |     0 |      0 |      0 |          2 |
|     gen_conversion[59].u_conversion |                    conversion_58 |         74 |         74 |       0 |    0 |     0 |      0 |      0 |          2 |
|     gen_conversion[5].u_conversion  |                    conversion_59 |         15 |         15 |       0 |    0 |     0 |      0 |      0 |          2 |
|     gen_conversion[60].u_conversion |                    conversion_60 |         74 |         74 |       0 |    0 |     0 |      0 |      0 |          2 |
|     gen_conversion[61].u_conversion |                    conversion_61 |         33 |         33 |       0 |    0 |     0 |      0 |      0 |          1 |
|     gen_conversion[62].u_conversion |                    conversion_62 |         74 |         74 |       0 |    0 |     0 |      0 |      0 |          2 |
|     gen_conversion[63].u_conversion |                    conversion_63 |         15 |         15 |       0 |    0 |     0 |      0 |      0 |          2 |
|     gen_conversion[6].u_conversion  |                    conversion_64 |         15 |         15 |       0 |    0 |     0 |      0 |      0 |          2 |
|     gen_conversion[7].u_conversion  |                    conversion_65 |         15 |         15 |       0 |    0 |     0 |      0 |      0 |          2 |
|     gen_conversion[8].u_conversion  |                    conversion_66 |         15 |         15 |       0 |    0 |     0 |      0 |      0 |          2 |
|     gen_conversion[9].u_conversion  |                    conversion_67 |         15 |         15 |       0 |    0 |     0 |      0 |      0 |          2 |
|   zigzag_cb_stage                   |                   zigzag_reorder |          0 |          0 |       0 |    0 |  1822 |      0 |      0 |          0 |
|   zigzag_cr_stage                   |                 zigzag_reorder_3 |          0 |          0 |       0 |    0 |  1822 |      0 |      0 |          0 |
|   zigzag_y_stage                    |                 zigzag_reorder_4 |          0 |          0 |       0 |    0 |  1875 |      0 |      0 |          0 |
+-------------------------------------+----------------------------------+------------+------------+---------+------+-------+--------+--------+------------+


