logic__36: logic__36
logic__21: logic__21
datapath__1: datapath__1
datapath__29: datapath__29
dct8_chen__GBM0: dct8_chen__GBM0
datapath__10: datapath__10
datapath__8: datapath__8
datapath__3: datapath__3
datapath__4: datapath__4
datapath__34: datapath__34
datapath__11: datapath__11
logic__7: logic__7
datapath__18: datapath__18
datapath__5: datapath__5
logic__3: logic__3
datapath__32: datapath__32
datapath__16: datapath__16
logic__45: logic__45
datapath__36: datapath__36
datapath__28: datapath__28
logic__5: logic__5
datapath: datapath
datapath__31: datapath__31
datapath__7: datapath__7
datapath__15: datapath__15
logic__1: logic__1
datapath__12: datapath__12
datapath__26: datapath__26
logic__15: logic__15
datapath__22: datapath__22
logic__10: logic__10
datapath__35: datapath__35
datapath__27: datapath__27
datapath__21: datapath__21
datapath__37: datapath__37
datapath__23: datapath__23
logic__26: logic__26
logic__41: logic__41
datapath__30: datapath__30
logic__29: logic__29
dct8_chen__GBM2: dct8_chen__GBM2
datapath__24: datapath__24
datapath__9: datapath__9
logic__12: logic__12
datapath__19: datapath__19
datapath__13: datapath__13
datapath__2: datapath__2
datapath__25: datapath__25
logic__18: logic__18
datapath__38: datapath__38
datapath__20: datapath__20
datapath__17: datapath__17
datapath__14: datapath__14
datapath__33: datapath__33
dct8_chen__GBM1: dct8_chen__GBM1
datapath__6: datapath__6
datapath__39: datapath__39
