#-----------------------------------------------------------
# Vivado v2024.2 (64-bit)
# SW Build 5239630 on Fri Nov 08 22:35:27 MST 2024
# IP Build 5239520 on Sun Nov 10 16:12:51 MST 2024
# SharedData Build 5239561 on Fri Nov 08 14:39:27 MST 2024
# Start of session at: Tue May 13 19:41:58 2025
# Process ID         : 4584
# Current directory  : C:/Users/wuche/Desktop/CODE/dat096/C2_image_compressing/saperate_module/2_dct_chen/synthesis_tests
# Command line       : vivado.exe -mode batch -source C:\Users\wuche\Desktop\CODE\dat096\C2_image_compressing\saperate_module\2_dct_chen\synthesis_tests\reports\dct_param_sweep\dct8_chen_ts_CONST_W_26_synth.tcl
# Log file           : C:/Users/wuche/Desktop/CODE/dat096/C2_image_compressing/saperate_module/2_dct_chen/synthesis_tests/vivado.log
# Journal file       : C:/Users/wuche/Desktop/CODE/dat096/C2_image_compressing/saperate_module/2_dct_chen/synthesis_tests\vivado.jou
# Running On         : wenruoxu
# Platform           : Windows Server 2016 or Windows 10
# Operating System   : 26100
# Processor Detail   : AMD Ryzen 9 7950X 16-Core Processor            
# CPU Frequency      : 4491 MHz
# CPU Physical cores : 16
# CPU Logical cores  : 32
# Host memory        : 50621 MB
# Swap memory        : 3221 MB
# Total Virtual      : 53842 MB
# Available Virtual  : 19568 MB
#-----------------------------------------------------------
source {C:\Users\wuche\Desktop\CODE\dat096\C2_image_compressing\saperate_module\2_dct_chen\synthesis_tests\reports\dct_param_sweep\dct8_chen_ts_CONST_W_26_synth.tcl}
