logic__36: dct8_chen__GBM0, 
logic__21: dct8_chen__GBM0, 
datapath__1: dct8_chen__GBM0, 
datapath__29: dct8_chen__GBM2, 
dct8_chen__GBM0: dct8_chen__GBM0, 
datapath__10: dct8_chen__GBM2, 
datapath__8: dct8_chen__GBM1, 
datapath__3: dct8_chen__GBM2, 
datapath__4: dct8_chen__GBM2, 
datapath__34: dct8_chen__GBM0, 
datapath__11: dct8_chen__GBM0, 
logic__7: dct8_chen__GBM2, 
datapath__18: dct8_chen__GBM2, 
datapath__5: dct8_chen__GBM2, 
logic__3: dct8_chen__GBM1, 
datapath__32: dct8_chen__GBM0, 
datapath__16: dct8_chen__GBM0, 
logic__45: dct8_chen__GBM0, 
datapath__36: dct8_chen__GBM1, 
datapath__28: dct8_chen__GBM0, 
logic__5: dct8_chen__GBM2, 
datapath: dct8_chen__GBM1, 
datapath__31: dct8_chen__GBM0, 
datapath__7: dct8_chen__GBM0, 
datapath__15: dct8_chen__GBM0, 
logic__1: dct8_chen__GBM0, 
datapath__12: dct8_chen__GBM2, 
datapath__26: dct8_chen__GBM2, 
logic__15: dct8_chen__GBM0, 
datapath__22: dct8_chen__GBM0, 
logic__10: dct8_chen__GBM0, 
datapath__35: dct8_chen__GBM0, 
datapath__27: dct8_chen__GBM0, 
datapath__21: dct8_chen__GBM1, 
datapath__37: dct8_chen__GBM0, 
datapath__23: dct8_chen__GBM2, 
logic__26: dct8_chen__GBM2, 
logic__41: dct8_chen__GBM0, 
datapath__30: dct8_chen__GBM0, 
logic__29: dct8_chen__GBM0, 
dct8_chen__GBM2: dct8_chen__GBM2, 
datapath__24: dct8_chen__GBM1, 
datapath__9: dct8_chen__GBM0, 
logic__12: dct8_chen__GBM2, 
datapath__19: dct8_chen__GBM0, 
datapath__13: dct8_chen__GBM0, 
datapath__2: dct8_chen__GBM2, 
datapath__25: dct8_chen__GBM2, 
logic__18: dct8_chen__GBM1, 
datapath__38: dct8_chen__GBM2, 
datapath__20: dct8_chen__GBM0, 
datapath__17: dct8_chen__GBM2, 
datapath__14: dct8_chen__GBM0, 
datapath__33: dct8_chen__GBM0, 
dct8_chen__GBM1: dct8_chen__GBM1, 
datapath__6: dct8_chen__GBM0, 
datapath__39: dct8_chen__GBM1, 
