#-----------------------------------------------------------
# Vivado v2024.2 (64-bit)
# SW Build 5239630 on Fri Nov 08 22:35:27 MST 2024
# IP Build 5239520 on Sun Nov 10 16:12:51 MST 2024
# SharedData Build 5239561 on Fri Nov 08 14:39:27 MST 2024
# Start of session at: Sun May 18 17:31:37 2025
# Process ID         : 6800
# Current directory  : C:/Users/vmeli/Documents/GitHub/C2_image_compressing/saperate_modules/file_writing/file_writ.runs/impl_1
# Command line       : vivado.exe -log fwrit_main.vdi -applog -product Vivado -messageDb vivado.pb -mode batch -source fwrit_main.tcl -notrace
# Log file           : C:/Users/vmeli/Documents/GitHub/C2_image_compressing/saperate_modules/file_writing/file_writ.runs/impl_1/fwrit_main.vdi
# Journal file       : C:/Users/vmeli/Documents/GitHub/C2_image_compressing/saperate_modules/file_writing/file_writ.runs/impl_1\vivado.jou
# Running On         : DESKTOP-BMP3654
# Platform           : Windows Server 2016 or Windows 10
# Operating System   : 19045
# Processor Detail   : Intel(R) Core(TM) i7-9750H CPU @ 2.60GHz
# CPU Frequency      : 2592 MHz
# CPU Physical cores : 6
# CPU Logical cores  : 12
# Host memory        : 17012 MB
# Swap memory        : 4563 MB
# Total Virtual      : 21575 MB
# Available Virtual  : 6943 MB
#-----------------------------------------------------------
source fwrit_main.tcl -notrace
